// Jest Snapshot v1, https://goo.gl/fbAQLP

exports[`<FaqItem.test /> renders component correctly 1`] = `
<div
  className="column is-6-tablet"
>
  <div
    className="faqitem"
  >
    <div
      className="faqitem__count"
    >
      01
      .
    </div>
    <div
      className="faqitem__content"
    >
      <div
        className="faqitem__title"
      >
        To jest faq 1
      </div>
      <div
        className="faqitem__desc"
      >
        To jest desc dla Faq 01
      </div>
    </div>
  </div>
</div>
`;
