// Jest Snapshot v1, https://goo.gl/fbAQLP

exports[`<Faq /> renders correctly 1`] = `[Function]`;
